2019-08-24  15:17:42 Sat  root INFO D:/Python/1/ping_ipList.py 0 
2019-08-24  15:17:45 Sat  root INFO D:/Python/1/ping_ipList.py 0 
2019-08-24  15:17:49 Sat  root INFO D:/Python/1/ping_ipList.py 0 
2019-08-24  15:17:49 Sat  root INFO D:/Python/1/ping_ipList.py 串行执行所用时间：9.77400016785 
2019-08-24  15:19:17 Sat  root INFO D:/Python/1/ping_ipList.py 串行执行所用时间：9.86100006104 
2019-08-24  15:19:20 Sat  root INFO D:/Python/1/ping_ipList.py 并行执行所用时间：3.64899992943 
2019-09-01  15:45:47 Sun  root INFO D:/Python/1/ping_ipList.py 串行执行所用时间：10.4490001202 
2019-09-01  15:45:51 Sun  root INFO D:/Python/1/ping_ipList.py 并行执行所用时间：3.46599984169 
